1750941266: mosquitto version 2.0.21 starting
1750941266: Config loaded from /mosquitto/config/mosquitto.conf.
1750941266: Opening ipv4 listen socket on port 1883.
1750941266: Opening ipv6 listen socket on port 1883.
1750941266: Opening websockets listen socket on port 9001.
1750941266: mosquitto version 2.0.21 running
1750941266: New connection from 172.19.0.1:57046 on port 1883.
1750941266: Client <unknown> closed its connection.
1750941441: New connection from 172.19.0.1:57470 on port 1883.
1750941441: Client subscriber disconnected, not authorised.
1750941487: New connection from 172.19.0.1:60512 on port 1883.
1750941487: Client subscriber disconnected, not authorised.
1750941488: New connection from 172.19.0.1:60518 on port 1883.
1750941488: Client subscriber disconnected, not authorised.
1750941490: New connection from 172.19.0.1:60534 on port 1883.
1750941490: Client subscriber disconnected, not authorised.
1750941494: New connection from 172.19.0.1:60544 on port 1883.
1750941494: Client subscriber disconnected, not authorised.
1750941502: New connection from 172.19.0.1:60270 on port 1883.
1750941502: Client subscriber disconnected, not authorised.
1750941507: New connection from 172.19.0.1:60372 on port 1883.
1750941507: Client publisher disconnected, not authorised.
1750941508: New connection from 172.19.0.1:60386 on port 1883.
1750941508: Client publisher disconnected, not authorised.
1750941510: New connection from 172.19.0.1:60388 on port 1883.
1750941510: Client publisher disconnected, not authorised.
1750941518: New connection from 172.19.0.1:55046 on port 1883.
1750941518: Client subscriber disconnected, not authorised.
1750941550: New connection from 172.19.0.1:61694 on port 1883.
1750941550: Client subscriber disconnected, not authorised.
1750941611: New connection from 172.19.0.1:58660 on port 1883.
1750941611: Client subscriber disconnected, not authorised.
1750941612: New connection from 172.19.0.1:58676 on port 1883.
1750941612: Client subscriber disconnected, not authorised.
1750941614: New connection from 172.19.0.1:58690 on port 1883.
1750941614: Client subscriber disconnected, not authorised.
1750941617: New connection from 172.19.0.1:64212 on port 1883.
1750941617: Client publisher disconnected, not authorised.
1750941618: New connection from 172.19.0.1:64220 on port 1883.
1750941618: Client publisher disconnected, not authorised.
1750941618: New connection from 172.19.0.1:64234 on port 1883.
1750941618: Client subscriber disconnected, not authorised.
1750941620: New connection from 172.19.0.1:64246 on port 1883.
1750941620: Client publisher disconnected, not authorised.
1750941626: New connection from 172.19.0.1:62966 on port 1883.
1750941626: Client subscriber disconnected, not authorised.
1750941650: mosquitto version 2.0.21 terminating
1750941650: Saving in-memory database to /mosquitto/data//mosquitto.db.
1750941651: mosquitto version 2.0.21 starting
1750941651: Config loaded from /mosquitto/config/mosquitto.conf.
1750941651: Opening ipv4 listen socket on port 1883.
1750941651: Opening ipv6 listen socket on port 1883.
1750941651: Opening websockets listen socket on port 9001.
1750941651: mosquitto version 2.0.21 running
1750941667: New connection from 172.19.0.1:57960 on port 1883.
1750941667: New client connected from 172.19.0.1:57960 as subscriber (p5, c1, k60).
1750941670: New connection from 172.19.0.1:57968 on port 1883.
1750941670: New client connected from 172.19.0.1:57968 as publisher (p5, c1, k60).
1750941675: Client publisher disconnected.
1750942485: Client subscriber has exceeded timeout, disconnecting.
1750942486: New connection from 172.19.0.1:62458 on port 1883.
1750942486: New client connected from 172.19.0.1:62458 as subscriber (p5, c0, k60).
1750943452: Saving in-memory database to /mosquitto/data//mosquitto.db.
1750943557: New connection from 172.19.0.1:65278 on port 1883.
1750943557: New client connected from 172.19.0.1:65278 as publisher (p5, c1, k60).
1750943563: Client publisher disconnected.
1750944577: Client subscriber has exceeded timeout, disconnecting.
1750944578: New connection from 172.19.0.1:61876 on port 1883.
1750944578: New client connected from 172.19.0.1:61876 as subscriber (p5, c0, k60).
1750945116: Client subscriber has exceeded timeout, disconnecting.
1750945117: New connection from 172.19.0.1:55540 on port 1883.
1750945117: New client connected from 172.19.0.1:55540 as subscriber (p5, c0, k60).
1750945253: Saving in-memory database to /mosquitto/data//mosquitto.db.
1750947054: Saving in-memory database to /mosquitto/data//mosquitto.db.
1750948116: Client subscriber has exceeded timeout, disconnecting.
1750948117: New connection from 172.19.0.1:64962 on port 1883.
1750948117: New client connected from 172.19.0.1:64962 as subscriber (p5, c0, k60).
1750948382: Client subscriber closed its connection.
1750948855: Saving in-memory database to /mosquitto/data//mosquitto.db.
1750951181: Saving in-memory database to /mosquitto/data//mosquitto.db.
1750953181: Saving in-memory database to /mosquitto/data//mosquitto.db.
1750954982: Saving in-memory database to /mosquitto/data//mosquitto.db.
1750957178: Saving in-memory database to /mosquitto/data//mosquitto.db.
1750958979: Saving in-memory database to /mosquitto/data//mosquitto.db.
1750961076: Saving in-memory database to /mosquitto/data//mosquitto.db.
1750962877: Saving in-memory database to /mosquitto/data//mosquitto.db.
1750966099: Saving in-memory database to /mosquitto/data//mosquitto.db.
1750968525: Saving in-memory database to /mosquitto/data//mosquitto.db.
1750971288: Saving in-memory database to /mosquitto/data//mosquitto.db.
1750973298: Saving in-memory database to /mosquitto/data//mosquitto.db.
1750977474: Saving in-memory database to /mosquitto/data//mosquitto.db.
1750982870: Saving in-memory database to /mosquitto/data//mosquitto.db.
1750987915: Saving in-memory database to /mosquitto/data//mosquitto.db.
1750993168: Saving in-memory database to /mosquitto/data//mosquitto.db.
1750998212: Saving in-memory database to /mosquitto/data//mosquitto.db.
1751000483: Saving in-memory database to /mosquitto/data//mosquitto.db.
1751002875: Saving in-memory database to /mosquitto/data//mosquitto.db.
1751005817: Saving in-memory database to /mosquitto/data//mosquitto.db.
1751008332: Saving in-memory database to /mosquitto/data//mosquitto.db.
1751010300: Saving in-memory database to /mosquitto/data//mosquitto.db.
1751012101: Saving in-memory database to /mosquitto/data//mosquitto.db.
1751013902: Saving in-memory database to /mosquitto/data//mosquitto.db.
1751015703: Saving in-memory database to /mosquitto/data//mosquitto.db.
1751017504: Saving in-memory database to /mosquitto/data//mosquitto.db.
1751019305: Saving in-memory database to /mosquitto/data//mosquitto.db.
1751021358: Saving in-memory database to /mosquitto/data//mosquitto.db.
1751023591: Saving in-memory database to /mosquitto/data//mosquitto.db.
1751025647: Saving in-memory database to /mosquitto/data//mosquitto.db.
1751027448: Saving in-memory database to /mosquitto/data//mosquitto.db.
1751029249: Saving in-memory database to /mosquitto/data//mosquitto.db.
1751031050: Saving in-memory database to /mosquitto/data//mosquitto.db.
1751032851: Saving in-memory database to /mosquitto/data//mosquitto.db.
1751034807: Saving in-memory database to /mosquitto/data//mosquitto.db.
1751037028: Saving in-memory database to /mosquitto/data//mosquitto.db.
1751039472: Saving in-memory database to /mosquitto/data//mosquitto.db.
1751041273: Saving in-memory database to /mosquitto/data//mosquitto.db.
1751043074: Saving in-memory database to /mosquitto/data//mosquitto.db.
1751044875: Saving in-memory database to /mosquitto/data//mosquitto.db.
1751047694: Saving in-memory database to /mosquitto/data//mosquitto.db.
1751053051: Saving in-memory database to /mosquitto/data//mosquitto.db.
1751055268: Saving in-memory database to /mosquitto/data//mosquitto.db.
1751057475: Saving in-memory database to /mosquitto/data//mosquitto.db.
1751059276: Saving in-memory database to /mosquitto/data//mosquitto.db.
1751061517: Saving in-memory database to /mosquitto/data//mosquitto.db.
1751063318: Saving in-memory database to /mosquitto/data//mosquitto.db.
1751067840: Saving in-memory database to /mosquitto/data//mosquitto.db.
1751071817: Saving in-memory database to /mosquitto/data//mosquitto.db.
1751074688: Saving in-memory database to /mosquitto/data//mosquitto.db.
1751077824: Saving in-memory database to /mosquitto/data//mosquitto.db.
1751082645: Saving in-memory database to /mosquitto/data//mosquitto.db.
1751084601: Saving in-memory database to /mosquitto/data//mosquitto.db.
1751087786: Saving in-memory database to /mosquitto/data//mosquitto.db.
1751089722: Saving in-memory database to /mosquitto/data//mosquitto.db.
1751092002: Saving in-memory database to /mosquitto/data//mosquitto.db.
1751094011: Saving in-memory database to /mosquitto/data//mosquitto.db.
1751095823: Saving in-memory database to /mosquitto/data//mosquitto.db.
1751101382: Saving in-memory database to /mosquitto/data//mosquitto.db.
1751104227: Saving in-memory database to /mosquitto/data//mosquitto.db.
1751106028: Saving in-memory database to /mosquitto/data//mosquitto.db.
1751108157: Saving in-memory database to /mosquitto/data//mosquitto.db.
1751109958: Saving in-memory database to /mosquitto/data//mosquitto.db.
1751111759: Saving in-memory database to /mosquitto/data//mosquitto.db.
1751113560: Saving in-memory database to /mosquitto/data//mosquitto.db.
1751115361: Saving in-memory database to /mosquitto/data//mosquitto.db.
1751117162: Saving in-memory database to /mosquitto/data//mosquitto.db.
1751119346: Saving in-memory database to /mosquitto/data//mosquitto.db.
1751121147: Saving in-memory database to /mosquitto/data//mosquitto.db.
1751122948: Saving in-memory database to /mosquitto/data//mosquitto.db.
1751124749: Saving in-memory database to /mosquitto/data//mosquitto.db.
1751126550: Saving in-memory database to /mosquitto/data//mosquitto.db.
1751128351: Saving in-memory database to /mosquitto/data//mosquitto.db.
1751130152: Saving in-memory database to /mosquitto/data//mosquitto.db.
1751131953: Saving in-memory database to /mosquitto/data//mosquitto.db.
1751133754: Saving in-memory database to /mosquitto/data//mosquitto.db.
1751135555: Saving in-memory database to /mosquitto/data//mosquitto.db.
1751140540: Saving in-memory database to /mosquitto/data//mosquitto.db.
1751145285: Saving in-memory database to /mosquitto/data//mosquitto.db.
1751149170: Saving in-memory database to /mosquitto/data//mosquitto.db.
1751153917: Saving in-memory database to /mosquitto/data//mosquitto.db.
1751157935: Saving in-memory database to /mosquitto/data//mosquitto.db.
1751159945: Saving in-memory database to /mosquitto/data//mosquitto.db.
1751162531: Saving in-memory database to /mosquitto/data//mosquitto.db.
1751164670: Saving in-memory database to /mosquitto/data//mosquitto.db.
1751169699: Saving in-memory database to /mosquitto/data//mosquitto.db.
1751172356: Saving in-memory database to /mosquitto/data//mosquitto.db.
1751176724: Saving in-memory database to /mosquitto/data//mosquitto.db.
1751178693: Saving in-memory database to /mosquitto/data//mosquitto.db.
1751180702: Saving in-memory database to /mosquitto/data//mosquitto.db.
1751183369: Saving in-memory database to /mosquitto/data//mosquitto.db.
1751187688: Saving in-memory database to /mosquitto/data//mosquitto.db.
1751190578: Saving in-memory database to /mosquitto/data//mosquitto.db.
1751195131: Saving in-memory database to /mosquitto/data//mosquitto.db.
1751199562: Saving in-memory database to /mosquitto/data//mosquitto.db.
1751203217: Saving in-memory database to /mosquitto/data//mosquitto.db.
1751205071: Saving in-memory database to /mosquitto/data//mosquitto.db.
1751206881: Saving in-memory database to /mosquitto/data//mosquitto.db.
1751208839: Saving in-memory database to /mosquitto/data//mosquitto.db.
1751212839: Saving in-memory database to /mosquitto/data//mosquitto.db.
1751215097: Saving in-memory database to /mosquitto/data//mosquitto.db.
1751216898: Saving in-memory database to /mosquitto/data//mosquitto.db.
1751218835: Saving in-memory database to /mosquitto/data//mosquitto.db.
1751220649: Saving in-memory database to /mosquitto/data//mosquitto.db.
1751222588: Saving in-memory database to /mosquitto/data//mosquitto.db.
1751225172: Saving in-memory database to /mosquitto/data//mosquitto.db.
1751227256: Saving in-memory database to /mosquitto/data//mosquitto.db.
1751232449: Saving in-memory database to /mosquitto/data//mosquitto.db.
1751234333: Saving in-memory database to /mosquitto/data//mosquitto.db.
1751237080: Saving in-memory database to /mosquitto/data//mosquitto.db.
1751239960: Saving in-memory database to /mosquitto/data//mosquitto.db.
1751243070: Saving in-memory database to /mosquitto/data//mosquitto.db.
1751249164: Saving in-memory database to /mosquitto/data//mosquitto.db.
1751252864: Saving in-memory database to /mosquitto/data//mosquitto.db.
1751254827: Saving in-memory database to /mosquitto/data//mosquitto.db.
1751256938: Saving in-memory database to /mosquitto/data//mosquitto.db.
1751261721: Saving in-memory database to /mosquitto/data//mosquitto.db.
1751264483: Saving in-memory database to /mosquitto/data//mosquitto.db.
1751266805: Saving in-memory database to /mosquitto/data//mosquitto.db.
1751270658: Saving in-memory database to /mosquitto/data//mosquitto.db.
1751273823: Saving in-memory database to /mosquitto/data//mosquitto.db.
1751277969: Saving in-memory database to /mosquitto/data//mosquitto.db.
1751280853: Saving in-memory database to /mosquitto/data//mosquitto.db.
1751286359: Saving in-memory database to /mosquitto/data//mosquitto.db.
1751288956: Saving in-memory database to /mosquitto/data//mosquitto.db.
1751290816: Saving in-memory database to /mosquitto/data//mosquitto.db.
1751294496: Saving in-memory database to /mosquitto/data//mosquitto.db.
1751296297: Saving in-memory database to /mosquitto/data//mosquitto.db.
1751299927: Saving in-memory database to /mosquitto/data//mosquitto.db.
1751301728: Saving in-memory database to /mosquitto/data//mosquitto.db.
1751303590: Saving in-memory database to /mosquitto/data//mosquitto.db.
1751305805: Saving in-memory database to /mosquitto/data//mosquitto.db.
1751307955: Saving in-memory database to /mosquitto/data//mosquitto.db.
1751310840: Saving in-memory database to /mosquitto/data//mosquitto.db.
1751312641: Saving in-memory database to /mosquitto/data//mosquitto.db.
1751314442: Saving in-memory database to /mosquitto/data//mosquitto.db.
1751316243: Saving in-memory database to /mosquitto/data//mosquitto.db.
1751318044: Saving in-memory database to /mosquitto/data//mosquitto.db.
1751319845: Saving in-memory database to /mosquitto/data//mosquitto.db.
1751321646: Saving in-memory database to /mosquitto/data//mosquitto.db.
1751323447: Saving in-memory database to /mosquitto/data//mosquitto.db.
1751325248: Saving in-memory database to /mosquitto/data//mosquitto.db.
1751327049: Saving in-memory database to /mosquitto/data//mosquitto.db.
1751328850: Saving in-memory database to /mosquitto/data//mosquitto.db.
1751330651: Saving in-memory database to /mosquitto/data//mosquitto.db.
1751332452: Saving in-memory database to /mosquitto/data//mosquitto.db.
1751334253: Saving in-memory database to /mosquitto/data//mosquitto.db.
1751336054: Saving in-memory database to /mosquitto/data//mosquitto.db.
1751337855: Saving in-memory database to /mosquitto/data//mosquitto.db.
1751339656: Saving in-memory database to /mosquitto/data//mosquitto.db.
1751341457: Saving in-memory database to /mosquitto/data//mosquitto.db.
1751343258: Saving in-memory database to /mosquitto/data//mosquitto.db.
1751345059: Saving in-memory database to /mosquitto/data//mosquitto.db.
1751346860: Saving in-memory database to /mosquitto/data//mosquitto.db.
1751348661: Saving in-memory database to /mosquitto/data//mosquitto.db.
1751350462: Saving in-memory database to /mosquitto/data//mosquitto.db.
1751352263: Saving in-memory database to /mosquitto/data//mosquitto.db.
1751354064: Saving in-memory database to /mosquitto/data//mosquitto.db.
1751355865: Saving in-memory database to /mosquitto/data//mosquitto.db.
1751357666: Saving in-memory database to /mosquitto/data//mosquitto.db.
1751359467: Saving in-memory database to /mosquitto/data//mosquitto.db.
1751361268: Saving in-memory database to /mosquitto/data//mosquitto.db.
1751363227: Saving in-memory database to /mosquitto/data//mosquitto.db.
1751369434: Saving in-memory database to /mosquitto/data//mosquitto.db.
1751373109: Saving in-memory database to /mosquitto/data//mosquitto.db.
1751376434: Saving in-memory database to /mosquitto/data//mosquitto.db.
1751378235: Saving in-memory database to /mosquitto/data//mosquitto.db.
1751380036: Saving in-memory database to /mosquitto/data//mosquitto.db.
1751381837: Saving in-memory database to /mosquitto/data//mosquitto.db.
1751383638: Saving in-memory database to /mosquitto/data//mosquitto.db.
1751385439: Saving in-memory database to /mosquitto/data//mosquitto.db.
1751387240: Saving in-memory database to /mosquitto/data//mosquitto.db.
1751389041: Saving in-memory database to /mosquitto/data//mosquitto.db.
1751390842: Saving in-memory database to /mosquitto/data//mosquitto.db.
1751392643: Saving in-memory database to /mosquitto/data//mosquitto.db.
1751394444: Saving in-memory database to /mosquitto/data//mosquitto.db.
1751396245: Saving in-memory database to /mosquitto/data//mosquitto.db.
1751398046: Saving in-memory database to /mosquitto/data//mosquitto.db.
1751399847: Saving in-memory database to /mosquitto/data//mosquitto.db.
1751401648: Saving in-memory database to /mosquitto/data//mosquitto.db.
1751403449: Saving in-memory database to /mosquitto/data//mosquitto.db.
1751405250: Saving in-memory database to /mosquitto/data//mosquitto.db.
1751407051: Saving in-memory database to /mosquitto/data//mosquitto.db.
1751408852: Saving in-memory database to /mosquitto/data//mosquitto.db.
1751415330: Saving in-memory database to /mosquitto/data//mosquitto.db.
1751421373: Saving in-memory database to /mosquitto/data//mosquitto.db.
1751423337: Saving in-memory database to /mosquitto/data//mosquitto.db.
1751427556: Saving in-memory database to /mosquitto/data//mosquitto.db.
1751430610: Saving in-memory database to /mosquitto/data//mosquitto.db.
1751434853: Saving in-memory database to /mosquitto/data//mosquitto.db.
1751436795: Saving in-memory database to /mosquitto/data//mosquitto.db.
1751442696: Saving in-memory database to /mosquitto/data//mosquitto.db.
1751445300: Saving in-memory database to /mosquitto/data//mosquitto.db.
1751450116: Saving in-memory database to /mosquitto/data//mosquitto.db.
1751452049: Saving in-memory database to /mosquitto/data//mosquitto.db.
1751453850: Saving in-memory database to /mosquitto/data//mosquitto.db.
1751455914: Saving in-memory database to /mosquitto/data//mosquitto.db.
1751458091: Saving in-memory database to /mosquitto/data//mosquitto.db.
1751460346: Saving in-memory database to /mosquitto/data//mosquitto.db.
1751462873: Saving in-memory database to /mosquitto/data//mosquitto.db.
1751464683: Saving in-memory database to /mosquitto/data//mosquitto.db.
1751466529: Saving in-memory database to /mosquitto/data//mosquitto.db.
1751468938: Saving in-memory database to /mosquitto/data//mosquitto.db.
1751471359: Saving in-memory database to /mosquitto/data//mosquitto.db.
1751475759: Saving in-memory database to /mosquitto/data//mosquitto.db.
1751478924: Saving in-memory database to /mosquitto/data//mosquitto.db.
1751480834: Saving in-memory database to /mosquitto/data//mosquitto.db.
1751483552: Saving in-memory database to /mosquitto/data//mosquitto.db.
1751488137: Saving in-memory database to /mosquitto/data//mosquitto.db.
1751489938: Saving in-memory database to /mosquitto/data//mosquitto.db.
1751494041: Saving in-memory database to /mosquitto/data//mosquitto.db.
1751496643: Saving in-memory database to /mosquitto/data//mosquitto.db.
1751499783: Saving in-memory database to /mosquitto/data//mosquitto.db.
1751503810: Saving in-memory database to /mosquitto/data//mosquitto.db.
1751511082: Saving in-memory database to /mosquitto/data//mosquitto.db.
1751517276: Saving in-memory database to /mosquitto/data//mosquitto.db.
1751520868: Saving in-memory database to /mosquitto/data//mosquitto.db.
1751526002: Saving in-memory database to /mosquitto/data//mosquitto.db.
1751530626: Saving in-memory database to /mosquitto/data//mosquitto.db.
1751534288: Saving in-memory database to /mosquitto/data//mosquitto.db.
1751536697: Saving in-memory database to /mosquitto/data//mosquitto.db.
1751538645: Saving in-memory database to /mosquitto/data//mosquitto.db.
1751540899: Saving in-memory database to /mosquitto/data//mosquitto.db.
1751542898: Saving in-memory database to /mosquitto/data//mosquitto.db.
1751547109: Saving in-memory database to /mosquitto/data//mosquitto.db.
1751550752: Saving in-memory database to /mosquitto/data//mosquitto.db.
1751554412: Saving in-memory database to /mosquitto/data//mosquitto.db.
1751556376: Saving in-memory database to /mosquitto/data//mosquitto.db.
1751560178: Saving in-memory database to /mosquitto/data//mosquitto.db.
1751562730: Saving in-memory database to /mosquitto/data//mosquitto.db.
1751564531: Saving in-memory database to /mosquitto/data//mosquitto.db.
1751566371: Saving in-memory database to /mosquitto/data//mosquitto.db.
1751568172: Saving in-memory database to /mosquitto/data//mosquitto.db.
1751569973: Saving in-memory database to /mosquitto/data//mosquitto.db.
1751571810: Saving in-memory database to /mosquitto/data//mosquitto.db.
1751573632: Saving in-memory database to /mosquitto/data//mosquitto.db.
1751575613: Saving in-memory database to /mosquitto/data//mosquitto.db.
1751579750: Saving in-memory database to /mosquitto/data//mosquitto.db.
1751582814: Saving in-memory database to /mosquitto/data//mosquitto.db.
1751588065: Saving in-memory database to /mosquitto/data//mosquitto.db.
1751590041: Saving in-memory database to /mosquitto/data//mosquitto.db.
1751592019: Saving in-memory database to /mosquitto/data//mosquitto.db.
1751595944: Saving in-memory database to /mosquitto/data//mosquitto.db.
1751599693: Saving in-memory database to /mosquitto/data//mosquitto.db.
1751601783: Saving in-memory database to /mosquitto/data//mosquitto.db.
1751604177: Saving in-memory database to /mosquitto/data//mosquitto.db.
1751608014: Saving in-memory database to /mosquitto/data//mosquitto.db.
1751610672: Saving in-memory database to /mosquitto/data//mosquitto.db.
1751612473: Saving in-memory database to /mosquitto/data//mosquitto.db.
1751614877: Saving in-memory database to /mosquitto/data//mosquitto.db.
1751619333: Saving in-memory database to /mosquitto/data//mosquitto.db.
1751621810: Saving in-memory database to /mosquitto/data//mosquitto.db.
1751624015: Saving in-memory database to /mosquitto/data//mosquitto.db.
1751625816: Saving in-memory database to /mosquitto/data//mosquitto.db.
1751628566: Saving in-memory database to /mosquitto/data//mosquitto.db.
1751630367: Saving in-memory database to /mosquitto/data//mosquitto.db.
1751632777: Saving in-memory database to /mosquitto/data//mosquitto.db.
1751634954: Saving in-memory database to /mosquitto/data//mosquitto.db.
1751637045: Saving in-memory database to /mosquitto/data//mosquitto.db.
1751639591: Saving in-memory database to /mosquitto/data//mosquitto.db.
1751641392: Saving in-memory database to /mosquitto/data//mosquitto.db.
1751643193: Saving in-memory database to /mosquitto/data//mosquitto.db.
1751645890: Saving in-memory database to /mosquitto/data//mosquitto.db.
1751648063: Saving in-memory database to /mosquitto/data//mosquitto.db.
1751653146: Saving in-memory database to /mosquitto/data//mosquitto.db.
1751655824: Saving in-memory database to /mosquitto/data//mosquitto.db.
1751658106: Saving in-memory database to /mosquitto/data//mosquitto.db.
1751659907: Saving in-memory database to /mosquitto/data//mosquitto.db.
1751661792: Saving in-memory database to /mosquitto/data//mosquitto.db.
1751663966: Saving in-memory database to /mosquitto/data//mosquitto.db.
1751665767: Saving in-memory database to /mosquitto/data//mosquitto.db.
1751668115: Saving in-memory database to /mosquitto/data//mosquitto.db.
1751672383: Saving in-memory database to /mosquitto/data//mosquitto.db.
1751674184: Saving in-memory database to /mosquitto/data//mosquitto.db.
1751678442: Saving in-memory database to /mosquitto/data//mosquitto.db.
1751681518: Saving in-memory database to /mosquitto/data//mosquitto.db.
1751684729: Saving in-memory database to /mosquitto/data//mosquitto.db.
1751689316: Saving in-memory database to /mosquitto/data//mosquitto.db.
1751691299: Saving in-memory database to /mosquitto/data//mosquitto.db.
1751693937: Saving in-memory database to /mosquitto/data//mosquitto.db.
1751696509: Saving in-memory database to /mosquitto/data//mosquitto.db.
1751698310: Saving in-memory database to /mosquitto/data//mosquitto.db.
1751701208: Saving in-memory database to /mosquitto/data//mosquitto.db.
1751703026: Saving in-memory database to /mosquitto/data//mosquitto.db.
1751704827: Saving in-memory database to /mosquitto/data//mosquitto.db.
1751706628: Saving in-memory database to /mosquitto/data//mosquitto.db.
1751708429: Saving in-memory database to /mosquitto/data//mosquitto.db.
1751710411: Saving in-memory database to /mosquitto/data//mosquitto.db.
1751712212: Saving in-memory database to /mosquitto/data//mosquitto.db.
1751714013: Saving in-memory database to /mosquitto/data//mosquitto.db.
1751716370: Saving in-memory database to /mosquitto/data//mosquitto.db.
1751718171: Saving in-memory database to /mosquitto/data//mosquitto.db.
1751719972: Saving in-memory database to /mosquitto/data//mosquitto.db.
1751721853: Saving in-memory database to /mosquitto/data//mosquitto.db.
1751723985: Saving in-memory database to /mosquitto/data//mosquitto.db.
1751725786: Saving in-memory database to /mosquitto/data//mosquitto.db.
1751727587: Saving in-memory database to /mosquitto/data//mosquitto.db.
1751730312: Saving in-memory database to /mosquitto/data//mosquitto.db.
1751732686: Saving in-memory database to /mosquitto/data//mosquitto.db.
1751734487: Saving in-memory database to /mosquitto/data//mosquitto.db.
1751736288: Saving in-memory database to /mosquitto/data//mosquitto.db.
1751738125: Saving in-memory database to /mosquitto/data//mosquitto.db.
1751740009: Saving in-memory database to /mosquitto/data//mosquitto.db.
1751744423: Saving in-memory database to /mosquitto/data//mosquitto.db.
1751748065: Saving in-memory database to /mosquitto/data//mosquitto.db.
1751750243: Saving in-memory database to /mosquitto/data//mosquitto.db.
1751754468: Saving in-memory database to /mosquitto/data//mosquitto.db.
1751758453: Saving in-memory database to /mosquitto/data//mosquitto.db.
1751760578: Saving in-memory database to /mosquitto/data//mosquitto.db.
1751765561: Saving in-memory database to /mosquitto/data//mosquitto.db.
1751769325: Saving in-memory database to /mosquitto/data//mosquitto.db.
1751775571: Saving in-memory database to /mosquitto/data//mosquitto.db.
1751778581: Saving in-memory database to /mosquitto/data//mosquitto.db.
1751782893: Saving in-memory database to /mosquitto/data//mosquitto.db.
1751787597: Saving in-memory database to /mosquitto/data//mosquitto.db.
1751792499: Saving in-memory database to /mosquitto/data//mosquitto.db.
1751794300: Saving in-memory database to /mosquitto/data//mosquitto.db.
1751796101: Saving in-memory database to /mosquitto/data//mosquitto.db.
1751797902: Saving in-memory database to /mosquitto/data//mosquitto.db.
1751799703: Saving in-memory database to /mosquitto/data//mosquitto.db.
1751801504: Saving in-memory database to /mosquitto/data//mosquitto.db.
1751803305: Saving in-memory database to /mosquitto/data//mosquitto.db.
1751805106: Saving in-memory database to /mosquitto/data//mosquitto.db.
1751806907: Saving in-memory database to /mosquitto/data//mosquitto.db.
1751808708: Saving in-memory database to /mosquitto/data//mosquitto.db.
1751811208: Saving in-memory database to /mosquitto/data//mosquitto.db.
1751813009: Saving in-memory database to /mosquitto/data//mosquitto.db.
1751814810: Saving in-memory database to /mosquitto/data//mosquitto.db.
1751816611: Saving in-memory database to /mosquitto/data//mosquitto.db.
1751818412: Saving in-memory database to /mosquitto/data//mosquitto.db.
1751820843: Saving in-memory database to /mosquitto/data//mosquitto.db.
1751826760: Saving in-memory database to /mosquitto/data//mosquitto.db.
1751829706: Saving in-memory database to /mosquitto/data//mosquitto.db.
1751833294: Saving in-memory database to /mosquitto/data//mosquitto.db.
1751837443: Saving in-memory database to /mosquitto/data//mosquitto.db.
1751842066: Saving in-memory database to /mosquitto/data//mosquitto.db.
1751844987: Saving in-memory database to /mosquitto/data//mosquitto.db.
1751848451: Saving in-memory database to /mosquitto/data//mosquitto.db.
1751851476: Saving in-memory database to /mosquitto/data//mosquitto.db.
1751854730: Saving in-memory database to /mosquitto/data//mosquitto.db.
1751857136: Saving in-memory database to /mosquitto/data//mosquitto.db.
1751860199: Saving in-memory database to /mosquitto/data//mosquitto.db.
1751863379: Saving in-memory database to /mosquitto/data//mosquitto.db.
1751866035: Saving in-memory database to /mosquitto/data//mosquitto.db.
1751868113: Saving in-memory database to /mosquitto/data//mosquitto.db.
1751871604: Saving in-memory database to /mosquitto/data//mosquitto.db.
1751873405: Saving in-memory database to /mosquitto/data//mosquitto.db.
1751877002: Saving in-memory database to /mosquitto/data//mosquitto.db.
1751880660: Saving in-memory database to /mosquitto/data//mosquitto.db.
1751884324: Saving in-memory database to /mosquitto/data//mosquitto.db.
1751887988: Saving in-memory database to /mosquitto/data//mosquitto.db.
1751891049: Saving in-memory database to /mosquitto/data//mosquitto.db.
1751895301: Saving in-memory database to /mosquitto/data//mosquitto.db.
1751898296: Saving in-memory database to /mosquitto/data//mosquitto.db.
1751900852: Saving in-memory database to /mosquitto/data//mosquitto.db.
1751902653: Saving in-memory database to /mosquitto/data//mosquitto.db.
1751906287: Saving in-memory database to /mosquitto/data//mosquitto.db.
1751909786: Saving in-memory database to /mosquitto/data//mosquitto.db.
1751915430: Saving in-memory database to /mosquitto/data//mosquitto.db.
1751918162: Saving in-memory database to /mosquitto/data//mosquitto.db.
1751920450: Saving in-memory database to /mosquitto/data//mosquitto.db.
1751922478: Saving in-memory database to /mosquitto/data//mosquitto.db.
1751924279: Saving in-memory database to /mosquitto/data//mosquitto.db.
1751926741: Saving in-memory database to /mosquitto/data//mosquitto.db.
1751931758: Saving in-memory database to /mosquitto/data//mosquitto.db.
1751935814: Saving in-memory database to /mosquitto/data//mosquitto.db.
1751942183: Saving in-memory database to /mosquitto/data//mosquitto.db.
1751945094: Saving in-memory database to /mosquitto/data//mosquitto.db.
1751949509: Saving in-memory database to /mosquitto/data//mosquitto.db.
1751951310: Saving in-memory database to /mosquitto/data//mosquitto.db.
1751956439: Saving in-memory database to /mosquitto/data//mosquitto.db.
1751959458: Saving in-memory database to /mosquitto/data//mosquitto.db.
1751963044: Saving in-memory database to /mosquitto/data//mosquitto.db.
1751965757: Saving in-memory database to /mosquitto/data//mosquitto.db.
1751969048: Saving in-memory database to /mosquitto/data//mosquitto.db.
1751973067: Saving in-memory database to /mosquitto/data//mosquitto.db.
1751976132: Saving in-memory database to /mosquitto/data//mosquitto.db.
1751977935: Saving in-memory database to /mosquitto/data//mosquitto.db.
1751981366: Saving in-memory database to /mosquitto/data//mosquitto.db.
1751984058: Saving in-memory database to /mosquitto/data//mosquitto.db.
1751987158: Saving in-memory database to /mosquitto/data//mosquitto.db.
1751989598: Saving in-memory database to /mosquitto/data//mosquitto.db.
1751991399: Saving in-memory database to /mosquitto/data//mosquitto.db.
1751993911: Saving in-memory database to /mosquitto/data//mosquitto.db.
1751996278: Saving in-memory database to /mosquitto/data//mosquitto.db.
1752000628: Saving in-memory database to /mosquitto/data//mosquitto.db.
1752005045: Saving in-memory database to /mosquitto/data//mosquitto.db.
1752007009: Saving in-memory database to /mosquitto/data//mosquitto.db.
1752013286: Saving in-memory database to /mosquitto/data//mosquitto.db.
1752016229: Saving in-memory database to /mosquitto/data//mosquitto.db.
1752019199: Saving in-memory database to /mosquitto/data//mosquitto.db.
1752024948: Saving in-memory database to /mosquitto/data//mosquitto.db.
1752028043: Saving in-memory database to /mosquitto/data//mosquitto.db.
1752033144: Saving in-memory database to /mosquitto/data//mosquitto.db.
1752037423: Saving in-memory database to /mosquitto/data//mosquitto.db.
1752041593: Saving in-memory database to /mosquitto/data//mosquitto.db.
1752044216: Saving in-memory database to /mosquitto/data//mosquitto.db.
1752046440: Saving in-memory database to /mosquitto/data//mosquitto.db.
1752050344: Saving in-memory database to /mosquitto/data//mosquitto.db.
1752053451: Saving in-memory database to /mosquitto/data//mosquitto.db.
1752055970: Saving in-memory database to /mosquitto/data//mosquitto.db.
1752059289: Saving in-memory database to /mosquitto/data//mosquitto.db.
1752061090: Saving in-memory database to /mosquitto/data//mosquitto.db.
1752063300: Saving in-memory database to /mosquitto/data//mosquitto.db.
1752065597: Saving in-memory database to /mosquitto/data//mosquitto.db.
1752068361: Saving in-memory database to /mosquitto/data//mosquitto.db.
1752071552: Saving in-memory database to /mosquitto/data//mosquitto.db.
1752073353: Saving in-memory database to /mosquitto/data//mosquitto.db.
1752076403: Saving in-memory database to /mosquitto/data//mosquitto.db.
1752079279: Saving in-memory database to /mosquitto/data//mosquitto.db.
1752081791: Saving in-memory database to /mosquitto/data//mosquitto.db.
1752085091: Saving in-memory database to /mosquitto/data//mosquitto.db.
1752089968: Saving in-memory database to /mosquitto/data//mosquitto.db.
1752092289: Saving in-memory database to /mosquitto/data//mosquitto.db.
1752098216: Saving in-memory database to /mosquitto/data//mosquitto.db.
1752101301: Saving in-memory database to /mosquitto/data//mosquitto.db.
1752104488: Saving in-memory database to /mosquitto/data//mosquitto.db.
1752107226: Saving in-memory database to /mosquitto/data//mosquitto.db.
1752110343: Saving in-memory database to /mosquitto/data//mosquitto.db.
1752112610: Saving in-memory database to /mosquitto/data//mosquitto.db.
1752115193: Saving in-memory database to /mosquitto/data//mosquitto.db.
1752118445: Saving in-memory database to /mosquitto/data//mosquitto.db.
1752122367: Saving in-memory database to /mosquitto/data//mosquitto.db.
1752124168: Saving in-memory database to /mosquitto/data//mosquitto.db.
1752126225: Saving in-memory database to /mosquitto/data//mosquitto.db.
1752129407: Saving in-memory database to /mosquitto/data//mosquitto.db.
1752131373: Saving in-memory database to /mosquitto/data//mosquitto.db.
1752133689: Saving in-memory database to /mosquitto/data//mosquitto.db.
1752136011: Saving in-memory database to /mosquitto/data//mosquitto.db.
1752137812: Saving in-memory database to /mosquitto/data//mosquitto.db.
1752139613: Saving in-memory database to /mosquitto/data//mosquitto.db.
1752141414: Saving in-memory database to /mosquitto/data//mosquitto.db.
1752143647: Saving in-memory database to /mosquitto/data//mosquitto.db.
1752145866: Saving in-memory database to /mosquitto/data//mosquitto.db.
1752150766: Saving in-memory database to /mosquitto/data//mosquitto.db.
1752156046: Saving in-memory database to /mosquitto/data//mosquitto.db.
1752158167: Saving in-memory database to /mosquitto/data//mosquitto.db.
1752162245: Saving in-memory database to /mosquitto/data//mosquitto.db.
1752164046: Saving in-memory database to /mosquitto/data//mosquitto.db.
1752165847: Saving in-memory database to /mosquitto/data//mosquitto.db.
1752170679: Saving in-memory database to /mosquitto/data//mosquitto.db.
1752175008: Saving in-memory database to /mosquitto/data//mosquitto.db.
1752177778: Saving in-memory database to /mosquitto/data//mosquitto.db.
1752181894: Saving in-memory database to /mosquitto/data//mosquitto.db.
1752184113: Saving in-memory database to /mosquitto/data//mosquitto.db.
1752186312: Saving in-memory database to /mosquitto/data//mosquitto.db.
1752190683: Saving in-memory database to /mosquitto/data//mosquitto.db.
1752193395: Saving in-memory database to /mosquitto/data//mosquitto.db.
1752196535: Saving in-memory database to /mosquitto/data//mosquitto.db.
1752200414: Saving in-memory database to /mosquitto/data//mosquitto.db.
1752205807: Saving in-memory database to /mosquitto/data//mosquitto.db.
1752207712: Saving in-memory database to /mosquitto/data//mosquitto.db.
1752210075: Saving in-memory database to /mosquitto/data//mosquitto.db.
1752213819: Saving in-memory database to /mosquitto/data//mosquitto.db.
1752220072: Saving in-memory database to /mosquitto/data//mosquitto.db.
1752222625: Saving in-memory database to /mosquitto/data//mosquitto.db.
1752225903: Saving in-memory database to /mosquitto/data//mosquitto.db.
1752227704: Saving in-memory database to /mosquitto/data//mosquitto.db.
1752230509: Saving in-memory database to /mosquitto/data//mosquitto.db.
1752234842: Saving in-memory database to /mosquitto/data//mosquitto.db.
1752240721: Saving in-memory database to /mosquitto/data//mosquitto.db.
1752242819: Saving in-memory database to /mosquitto/data//mosquitto.db.
1752244620: Saving in-memory database to /mosquitto/data//mosquitto.db.
1752248010: Saving in-memory database to /mosquitto/data//mosquitto.db.
1752250328: Saving in-memory database to /mosquitto/data//mosquitto.db.
1752253755: Saving in-memory database to /mosquitto/data//mosquitto.db.
1752256615: Saving in-memory database to /mosquitto/data//mosquitto.db.
1752259268: Saving in-memory database to /mosquitto/data//mosquitto.db.
1752261099: Saving in-memory database to /mosquitto/data//mosquitto.db.
1752263360: Saving in-memory database to /mosquitto/data//mosquitto.db.
1752265821: Saving in-memory database to /mosquitto/data//mosquitto.db.
1752268601: Saving in-memory database to /mosquitto/data//mosquitto.db.
1752272636: Saving in-memory database to /mosquitto/data//mosquitto.db.
1752274787: Saving in-memory database to /mosquitto/data//mosquitto.db.
1752278801: Saving in-memory database to /mosquitto/data//mosquitto.db.
1752281366: Saving in-memory database to /mosquitto/data//mosquitto.db.
1752284526: Saving in-memory database to /mosquitto/data//mosquitto.db.
1752289666: Saving in-memory database to /mosquitto/data//mosquitto.db.
1752295865: Saving in-memory database to /mosquitto/data//mosquitto.db.
1752299912: Saving in-memory database to /mosquitto/data//mosquitto.db.
1752303238: Saving in-memory database to /mosquitto/data//mosquitto.db.
1752305135: Saving in-memory database to /mosquitto/data//mosquitto.db.
1752306936: Saving in-memory database to /mosquitto/data//mosquitto.db.
1752308737: Saving in-memory database to /mosquitto/data//mosquitto.db.
1752310538: Saving in-memory database to /mosquitto/data//mosquitto.db.
1752312674: Saving in-memory database to /mosquitto/data//mosquitto.db.
1752314718: Saving in-memory database to /mosquitto/data//mosquitto.db.
1752317136: Saving in-memory database to /mosquitto/data//mosquitto.db.
1752319501: Saving in-memory database to /mosquitto/data//mosquitto.db.
1752324644: Saving in-memory database to /mosquitto/data//mosquitto.db.
1752328491: Saving in-memory database to /mosquitto/data//mosquitto.db.
1752330932: Saving in-memory database to /mosquitto/data//mosquitto.db.
1752334708: Saving in-memory database to /mosquitto/data//mosquitto.db.
1752339738: Saving in-memory database to /mosquitto/data//mosquitto.db.
1752341871: Saving in-memory database to /mosquitto/data//mosquitto.db.
1752348978: Saving in-memory database to /mosquitto/data//mosquitto.db.
1752350779: Saving in-memory database to /mosquitto/data//mosquitto.db.
1752354369: Saving in-memory database to /mosquitto/data//mosquitto.db.
1752357982: Saving in-memory database to /mosquitto/data//mosquitto.db.
1752359983: Saving in-memory database to /mosquitto/data//mosquitto.db.
1752364925: Saving in-memory database to /mosquitto/data//mosquitto.db.
1752366829: Saving in-memory database to /mosquitto/data//mosquitto.db.
1752370535: Saving in-memory database to /mosquitto/data//mosquitto.db.
1752374851: Saving in-memory database to /mosquitto/data//mosquitto.db.
1752379142: Saving in-memory database to /mosquitto/data//mosquitto.db.
1752380973: Saving in-memory database to /mosquitto/data//mosquitto.db.
1752383682: Saving in-memory database to /mosquitto/data//mosquitto.db.
1752386454: Saving in-memory database to /mosquitto/data//mosquitto.db.
1752388420: Saving in-memory database to /mosquitto/data//mosquitto.db.
1752390997: Saving in-memory database to /mosquitto/data//mosquitto.db.
1752392798: Saving in-memory database to /mosquitto/data//mosquitto.db.
1752394845: Saving in-memory database to /mosquitto/data//mosquitto.db.
1752399478: Saving in-memory database to /mosquitto/data//mosquitto.db.
1752403771: Saving in-memory database to /mosquitto/data//mosquitto.db.
1752405572: Saving in-memory database to /mosquitto/data//mosquitto.db.
1752407373: Saving in-memory database to /mosquitto/data//mosquitto.db.
1752409174: Saving in-memory database to /mosquitto/data//mosquitto.db.
1752410975: Saving in-memory database to /mosquitto/data//mosquitto.db.
1752412776: Saving in-memory database to /mosquitto/data//mosquitto.db.
1752414577: Saving in-memory database to /mosquitto/data//mosquitto.db.
1752416378: Saving in-memory database to /mosquitto/data//mosquitto.db.
1752418179: Saving in-memory database to /mosquitto/data//mosquitto.db.
1752419980: Saving in-memory database to /mosquitto/data//mosquitto.db.
1752421781: Saving in-memory database to /mosquitto/data//mosquitto.db.
1752423582: Saving in-memory database to /mosquitto/data//mosquitto.db.
1752425383: Saving in-memory database to /mosquitto/data//mosquitto.db.
1752427184: Saving in-memory database to /mosquitto/data//mosquitto.db.
1752429069: Saving in-memory database to /mosquitto/data//mosquitto.db.
1752430870: Saving in-memory database to /mosquitto/data//mosquitto.db.
1752432671: Saving in-memory database to /mosquitto/data//mosquitto.db.
1752434472: Saving in-memory database to /mosquitto/data//mosquitto.db.
1752441117: Saving in-memory database to /mosquitto/data//mosquitto.db.
1752446376: Saving in-memory database to /mosquitto/data//mosquitto.db.
1752451757: Saving in-memory database to /mosquitto/data//mosquitto.db.
1752456760: Saving in-memory database to /mosquitto/data//mosquitto.db.
1752459648: Saving in-memory database to /mosquitto/data//mosquitto.db.
1752462271: Saving in-memory database to /mosquitto/data//mosquitto.db.
1752466257: Saving in-memory database to /mosquitto/data//mosquitto.db.
1752468058: Saving in-memory database to /mosquitto/data//mosquitto.db.
1752469974: Saving in-memory database to /mosquitto/data//mosquitto.db.
1752472688: Saving in-memory database to /mosquitto/data//mosquitto.db.
1752476254: Saving in-memory database to /mosquitto/data//mosquitto.db.
1752478900: Saving in-memory database to /mosquitto/data//mosquitto.db.
1752481988: Saving in-memory database to /mosquitto/data//mosquitto.db.
1752487218: Saving in-memory database to /mosquitto/data//mosquitto.db.
1752489888: Saving in-memory database to /mosquitto/data//mosquitto.db.
1752491807: Saving in-memory database to /mosquitto/data//mosquitto.db.
1752494550: Saving in-memory database to /mosquitto/data//mosquitto.db.
1752497917: Saving in-memory database to /mosquitto/data//mosquitto.db.
1752501072: Saving in-memory database to /mosquitto/data//mosquitto.db.
1752503156: Saving in-memory database to /mosquitto/data//mosquitto.db.
1752505324: Saving in-memory database to /mosquitto/data//mosquitto.db.
1752508327: Saving in-memory database to /mosquitto/data//mosquitto.db.
1752510851: Saving in-memory database to /mosquitto/data//mosquitto.db.
1752512652: Saving in-memory database to /mosquitto/data//mosquitto.db.
1752514543: Saving in-memory database to /mosquitto/data//mosquitto.db.
1752516597: Saving in-memory database to /mosquitto/data//mosquitto.db.
1752519970: Saving in-memory database to /mosquitto/data//mosquitto.db.
1752523462: Saving in-memory database to /mosquitto/data//mosquitto.db.
1752525480: Saving in-memory database to /mosquitto/data//mosquitto.db.
1752531464: Saving in-memory database to /mosquitto/data//mosquitto.db.
1752533434: Saving in-memory database to /mosquitto/data//mosquitto.db.
1752535474: Saving in-memory database to /mosquitto/data//mosquitto.db.
1752537492: Saving in-memory database to /mosquitto/data//mosquitto.db.
1752540326: Saving in-memory database to /mosquitto/data//mosquitto.db.
1752542901: Saving in-memory database to /mosquitto/data//mosquitto.db.
1752546019: Saving in-memory database to /mosquitto/data//mosquitto.db.
1752550320: Saving in-memory database to /mosquitto/data//mosquitto.db.
1752552121: Saving in-memory database to /mosquitto/data//mosquitto.db.
1752555150: Saving in-memory database to /mosquitto/data//mosquitto.db.
1752557204: Saving in-memory database to /mosquitto/data//mosquitto.db.
1752560213: Saving in-memory database to /mosquitto/data//mosquitto.db.
1752565924: Saving in-memory database to /mosquitto/data//mosquitto.db.
1752569639: Saving in-memory database to /mosquitto/data//mosquitto.db.
1752571440: Saving in-memory database to /mosquitto/data//mosquitto.db.
1752574884: Saving in-memory database to /mosquitto/data//mosquitto.db.
1752576959: Saving in-memory database to /mosquitto/data//mosquitto.db.
1752580392: Saving in-memory database to /mosquitto/data//mosquitto.db.
1752584250: Saving in-memory database to /mosquitto/data//mosquitto.db.
1752589495: Saving in-memory database to /mosquitto/data//mosquitto.db.
1752594121: Saving in-memory database to /mosquitto/data//mosquitto.db.
1752597903: Saving in-memory database to /mosquitto/data//mosquitto.db.
1752602982: Saving in-memory database to /mosquitto/data//mosquitto.db.
1752605640: Saving in-memory database to /mosquitto/data//mosquitto.db.
1752610424: Saving in-memory database to /mosquitto/data//mosquitto.db.
1752612225: Saving in-memory database to /mosquitto/data//mosquitto.db.
1752618725: Saving in-memory database to /mosquitto/data//mosquitto.db.
1752625159: Saving in-memory database to /mosquitto/data//mosquitto.db.
1752627185: Saving in-memory database to /mosquitto/data//mosquitto.db.
1752631380: Saving in-memory database to /mosquitto/data//mosquitto.db.
1752634152: Saving in-memory database to /mosquitto/data//mosquitto.db.
1752638348: Saving in-memory database to /mosquitto/data//mosquitto.db.
1752642394: Saving in-memory database to /mosquitto/data//mosquitto.db.
1752644433: Saving in-memory database to /mosquitto/data//mosquitto.db.
1752646899: Saving in-memory database to /mosquitto/data//mosquitto.db.
1752650937: Saving in-memory database to /mosquitto/data//mosquitto.db.
1752653182: Saving in-memory database to /mosquitto/data//mosquitto.db.
1752659730: Saving in-memory database to /mosquitto/data//mosquitto.db.
1752664148: Saving in-memory database to /mosquitto/data//mosquitto.db.
1752669332: Saving in-memory database to /mosquitto/data//mosquitto.db.
1752672524: Saving in-memory database to /mosquitto/data//mosquitto.db.
1752678169: Saving in-memory database to /mosquitto/data//mosquitto.db.
1752681876: Saving in-memory database to /mosquitto/data//mosquitto.db.
1752687148: Saving in-memory database to /mosquitto/data//mosquitto.db.
1752689203: Saving in-memory database to /mosquitto/data//mosquitto.db.
1752692863: Saving in-memory database to /mosquitto/data//mosquitto.db.
1752697056: Saving in-memory database to /mosquitto/data//mosquitto.db.
1752700711: Saving in-memory database to /mosquitto/data//mosquitto.db.
1752702748: Saving in-memory database to /mosquitto/data//mosquitto.db.
1752707429: Saving in-memory database to /mosquitto/data//mosquitto.db.
1752710801: Saving in-memory database to /mosquitto/data//mosquitto.db.
1752714687: Saving in-memory database to /mosquitto/data//mosquitto.db.
1752716700: Saving in-memory database to /mosquitto/data//mosquitto.db.
1752718681: Saving in-memory database to /mosquitto/data//mosquitto.db.
1752723732: Saving in-memory database to /mosquitto/data//mosquitto.db.
1752728497: Saving in-memory database to /mosquitto/data//mosquitto.db.
1752731559: Saving in-memory database to /mosquitto/data//mosquitto.db.
1752733765: Saving in-memory database to /mosquitto/data//mosquitto.db.
1752735566: Saving in-memory database to /mosquitto/data//mosquitto.db.
1752737367: Saving in-memory database to /mosquitto/data//mosquitto.db.
1752739168: Saving in-memory database to /mosquitto/data//mosquitto.db.
1752742404: Saving in-memory database to /mosquitto/data//mosquitto.db.
1752745462: Saving in-memory database to /mosquitto/data//mosquitto.db.
1752747263: Saving in-memory database to /mosquitto/data//mosquitto.db.
1752749064: Saving in-memory database to /mosquitto/data//mosquitto.db.
1752750865: Saving in-memory database to /mosquitto/data//mosquitto.db.
1752752666: Saving in-memory database to /mosquitto/data//mosquitto.db.
1752754467: Saving in-memory database to /mosquitto/data//mosquitto.db.
1752756268: Saving in-memory database to /mosquitto/data//mosquitto.db.
1752758069: Saving in-memory database to /mosquitto/data//mosquitto.db.
1752759870: Saving in-memory database to /mosquitto/data//mosquitto.db.
1752761671: Saving in-memory database to /mosquitto/data//mosquitto.db.
1752763472: Saving in-memory database to /mosquitto/data//mosquitto.db.
1752765273: Saving in-memory database to /mosquitto/data//mosquitto.db.
1752767074: Saving in-memory database to /mosquitto/data//mosquitto.db.
1752768875: Saving in-memory database to /mosquitto/data//mosquitto.db.
1752770676: Saving in-memory database to /mosquitto/data//mosquitto.db.
1752772654: Saving in-memory database to /mosquitto/data//mosquitto.db.
1752777829: Saving in-memory database to /mosquitto/data//mosquitto.db.
1752782303: Saving in-memory database to /mosquitto/data//mosquitto.db.
1752784164: Saving in-memory database to /mosquitto/data//mosquitto.db.
1752786176: Saving in-memory database to /mosquitto/data//mosquitto.db.
1752789642: Saving in-memory database to /mosquitto/data//mosquitto.db.
1752794331: Saving in-memory database to /mosquitto/data//mosquitto.db.
1752796344: Saving in-memory database to /mosquitto/data//mosquitto.db.
1752798443: Saving in-memory database to /mosquitto/data//mosquitto.db.
1752801415: Saving in-memory database to /mosquitto/data//mosquitto.db.
1752806684: Saving in-memory database to /mosquitto/data//mosquitto.db.
1752810639: Saving in-memory database to /mosquitto/data//mosquitto.db.
1752812990: Saving in-memory database to /mosquitto/data//mosquitto.db.
1752814910: Saving in-memory database to /mosquitto/data//mosquitto.db.
1752816711: Saving in-memory database to /mosquitto/data//mosquitto.db.
1752818512: Saving in-memory database to /mosquitto/data//mosquitto.db.
1752821161: Saving in-memory database to /mosquitto/data//mosquitto.db.
1752823530: Saving in-memory database to /mosquitto/data//mosquitto.db.
1752826859: Saving in-memory database to /mosquitto/data//mosquitto.db.
1752830409: Saving in-memory database to /mosquitto/data//mosquitto.db.
1752834437: Saving in-memory database to /mosquitto/data//mosquitto.db.
1752837260: Saving in-memory database to /mosquitto/data//mosquitto.db.
1752839098: Saving in-memory database to /mosquitto/data//mosquitto.db.
1752841205: Saving in-memory database to /mosquitto/data//mosquitto.db.
1752844174: Saving in-memory database to /mosquitto/data//mosquitto.db.
1752847175: Saving in-memory database to /mosquitto/data//mosquitto.db.
1752849495: Saving in-memory database to /mosquitto/data//mosquitto.db.
1752852866: Saving in-memory database to /mosquitto/data//mosquitto.db.
1752855361: Saving in-memory database to /mosquitto/data//mosquitto.db.
1752858467: Saving in-memory database to /mosquitto/data//mosquitto.db.
1752860571: Saving in-memory database to /mosquitto/data//mosquitto.db.
1752865865: Saving in-memory database to /mosquitto/data//mosquitto.db.
1752868967: Saving in-memory database to /mosquitto/data//mosquitto.db.
1752873626: Saving in-memory database to /mosquitto/data//mosquitto.db.
1752875603: Saving in-memory database to /mosquitto/data//mosquitto.db.
1752879279: Saving in-memory database to /mosquitto/data//mosquitto.db.
1752881286: Saving in-memory database to /mosquitto/data//mosquitto.db.
1752885440: Saving in-memory database to /mosquitto/data//mosquitto.db.
1752888597: Saving in-memory database to /mosquitto/data//mosquitto.db.
1752894337: Saving in-memory database to /mosquitto/data//mosquitto.db.
1752898493: Saving in-memory database to /mosquitto/data//mosquitto.db.
1752901251: Saving in-memory database to /mosquitto/data//mosquitto.db.
1752904896: Saving in-memory database to /mosquitto/data//mosquitto.db.
1752909590: Saving in-memory database to /mosquitto/data//mosquitto.db.
1752911506: Saving in-memory database to /mosquitto/data//mosquitto.db.
1752917954: Saving in-memory database to /mosquitto/data//mosquitto.db.
1752920626: Saving in-memory database to /mosquitto/data//mosquitto.db.
1752922427: Saving in-memory database to /mosquitto/data//mosquitto.db.
1752924797: Saving in-memory database to /mosquitto/data//mosquitto.db.
1752926598: Saving in-memory database to /mosquitto/data//mosquitto.db.
1752928399: Saving in-memory database to /mosquitto/data//mosquitto.db.
1752930409: Saving in-memory database to /mosquitto/data//mosquitto.db.
1752932210: Saving in-memory database to /mosquitto/data//mosquitto.db.
1752934011: Saving in-memory database to /mosquitto/data//mosquitto.db.
1752935812: Saving in-memory database to /mosquitto/data//mosquitto.db.
1752937613: Saving in-memory database to /mosquitto/data//mosquitto.db.
1752939414: Saving in-memory database to /mosquitto/data//mosquitto.db.
1752941215: Saving in-memory database to /mosquitto/data//mosquitto.db.
1752943508: Saving in-memory database to /mosquitto/data//mosquitto.db.
1752945464: Saving in-memory database to /mosquitto/data//mosquitto.db.
1752947265: Saving in-memory database to /mosquitto/data//mosquitto.db.
1752949926: Saving in-memory database to /mosquitto/data//mosquitto.db.
1752954154: Saving in-memory database to /mosquitto/data//mosquitto.db.
1752958788: Saving in-memory database to /mosquitto/data//mosquitto.db.
1752963027: Saving in-memory database to /mosquitto/data//mosquitto.db.
1752965906: Saving in-memory database to /mosquitto/data//mosquitto.db.
1752970632: Saving in-memory database to /mosquitto/data//mosquitto.db.
1752972588: Saving in-memory database to /mosquitto/data//mosquitto.db.
1752974605: Saving in-memory database to /mosquitto/data//mosquitto.db.
1752977186: Saving in-memory database to /mosquitto/data//mosquitto.db.
1752982159: Saving in-memory database to /mosquitto/data//mosquitto.db.
1752984139: Saving in-memory database to /mosquitto/data//mosquitto.db.
1752986483: Saving in-memory database to /mosquitto/data//mosquitto.db.
1752989160: Saving in-memory database to /mosquitto/data//mosquitto.db.
1752994628: Saving in-memory database to /mosquitto/data//mosquitto.db.
1752996875: Saving in-memory database to /mosquitto/data//mosquitto.db.
1752998676: Saving in-memory database to /mosquitto/data//mosquitto.db.
1753000477: Saving in-memory database to /mosquitto/data//mosquitto.db.
1753002278: Saving in-memory database to /mosquitto/data//mosquitto.db.
1753004079: Saving in-memory database to /mosquitto/data//mosquitto.db.
1753006009: Saving in-memory database to /mosquitto/data//mosquitto.db.
1753010440: Saving in-memory database to /mosquitto/data//mosquitto.db.
1753015568: Saving in-memory database to /mosquitto/data//mosquitto.db.
1753019020: Saving in-memory database to /mosquitto/data//mosquitto.db.
1753022219: Saving in-memory database to /mosquitto/data//mosquitto.db.
1753024806: Saving in-memory database to /mosquitto/data//mosquitto.db.
1753026607: Saving in-memory database to /mosquitto/data//mosquitto.db.
1753028670: Saving in-memory database to /mosquitto/data//mosquitto.db.
1753030471: Saving in-memory database to /mosquitto/data//mosquitto.db.
1753032460: Saving in-memory database to /mosquitto/data//mosquitto.db.
1753034512: Saving in-memory database to /mosquitto/data//mosquitto.db.
1753036661: Saving in-memory database to /mosquitto/data//mosquitto.db.
1753038462: Saving in-memory database to /mosquitto/data//mosquitto.db.
1753040263: Saving in-memory database to /mosquitto/data//mosquitto.db.
1753042990: Saving in-memory database to /mosquitto/data//mosquitto.db.
1753045168: Saving in-memory database to /mosquitto/data//mosquitto.db.
1753047572: Saving in-memory database to /mosquitto/data//mosquitto.db.
1753049990: Saving in-memory database to /mosquitto/data//mosquitto.db.
1753051956: Saving in-memory database to /mosquitto/data//mosquitto.db.
1753053948: Saving in-memory database to /mosquitto/data//mosquitto.db.
1753056103: Saving in-memory database to /mosquitto/data//mosquitto.db.
1753057904: Saving in-memory database to /mosquitto/data//mosquitto.db.
1753059705: Saving in-memory database to /mosquitto/data//mosquitto.db.
1753061506: Saving in-memory database to /mosquitto/data//mosquitto.db.
1753063307: Saving in-memory database to /mosquitto/data//mosquitto.db.
1753065108: Saving in-memory database to /mosquitto/data//mosquitto.db.
1753066909: Saving in-memory database to /mosquitto/data//mosquitto.db.
1753068710: Saving in-memory database to /mosquitto/data//mosquitto.db.
1753070511: Saving in-memory database to /mosquitto/data//mosquitto.db.
1753072312: Saving in-memory database to /mosquitto/data//mosquitto.db.
1753074113: Saving in-memory database to /mosquitto/data//mosquitto.db.
1753075914: Saving in-memory database to /mosquitto/data//mosquitto.db.
1753077715: Saving in-memory database to /mosquitto/data//mosquitto.db.
1753079580: Saving in-memory database to /mosquitto/data//mosquitto.db.
1753082051: Saving in-memory database to /mosquitto/data//mosquitto.db.
1753085284: Saving in-memory database to /mosquitto/data//mosquitto.db.
1753088331: Saving in-memory database to /mosquitto/data//mosquitto.db.
1753090482: Saving in-memory database to /mosquitto/data//mosquitto.db.
1753093678: Saving in-memory database to /mosquitto/data//mosquitto.db.
1753096823: Saving in-memory database to /mosquitto/data//mosquitto.db.
1753100279: Saving in-memory database to /mosquitto/data//mosquitto.db.
1753102306: Saving in-memory database to /mosquitto/data//mosquitto.db.
1753104255: Saving in-memory database to /mosquitto/data//mosquitto.db.
1753107542: Saving in-memory database to /mosquitto/data//mosquitto.db.
1753109929: Saving in-memory database to /mosquitto/data//mosquitto.db.
1753114092: Saving in-memory database to /mosquitto/data//mosquitto.db.
1753119885: Saving in-memory database to /mosquitto/data//mosquitto.db.
1753125339: Saving in-memory database to /mosquitto/data//mosquitto.db.
1753129000: Saving in-memory database to /mosquitto/data//mosquitto.db.
1753131239: Saving in-memory database to /mosquitto/data//mosquitto.db.
1753133510: Saving in-memory database to /mosquitto/data//mosquitto.db.
1753137244: Saving in-memory database to /mosquitto/data//mosquitto.db.
1753143811: Saving in-memory database to /mosquitto/data//mosquitto.db.
1753150934: Saving in-memory database to /mosquitto/data//mosquitto.db.
1753155751: Saving in-memory database to /mosquitto/data//mosquitto.db.
1753157744: Saving in-memory database to /mosquitto/data//mosquitto.db.
1753159745: Saving in-memory database to /mosquitto/data//mosquitto.db.
1753162096: Saving in-memory database to /mosquitto/data//mosquitto.db.
1753167349: Saving in-memory database to /mosquitto/data//mosquitto.db.
1753169979: Saving in-memory database to /mosquitto/data//mosquitto.db.
1753174399: Saving in-memory database to /mosquitto/data//mosquitto.db.
1753179836: Saving in-memory database to /mosquitto/data//mosquitto.db.
1753182564: Saving in-memory database to /mosquitto/data//mosquitto.db.
1753185886: Saving in-memory database to /mosquitto/data//mosquitto.db.
1753189870: Saving in-memory database to /mosquitto/data//mosquitto.db.
1753193050: Saving in-memory database to /mosquitto/data//mosquitto.db.
1753196555: Saving in-memory database to /mosquitto/data//mosquitto.db.
1753201851: Saving in-memory database to /mosquitto/data//mosquitto.db.
1753205258: Saving in-memory database to /mosquitto/data//mosquitto.db.
1753207059: Saving in-memory database to /mosquitto/data//mosquitto.db.
1753212585: Saving in-memory database to /mosquitto/data//mosquitto.db.
1753214700: Saving in-memory database to /mosquitto/data//mosquitto.db.
1753216730: Saving in-memory database to /mosquitto/data//mosquitto.db.
1753218531: Saving in-memory database to /mosquitto/data//mosquitto.db.
1753223937: Saving in-memory database to /mosquitto/data//mosquitto.db.
1753228198: Saving in-memory database to /mosquitto/data//mosquitto.db.
1753230252: Saving in-memory database to /mosquitto/data//mosquitto.db.
1753232295: Saving in-memory database to /mosquitto/data//mosquitto.db.
1753235574: Saving in-memory database to /mosquitto/data//mosquitto.db.
1753237624: Saving in-memory database to /mosquitto/data//mosquitto.db.
1753240404: Saving in-memory database to /mosquitto/data//mosquitto.db.
1753243420: Saving in-memory database to /mosquitto/data//mosquitto.db.
1753246660: Saving in-memory database to /mosquitto/data//mosquitto.db.
1753249653: Saving in-memory database to /mosquitto/data//mosquitto.db.
1753251454: Saving in-memory database to /mosquitto/data//mosquitto.db.
1753256575: Saving in-memory database to /mosquitto/data//mosquitto.db.
1753258515: Saving in-memory database to /mosquitto/data//mosquitto.db.
1753261766: Saving in-memory database to /mosquitto/data//mosquitto.db.
1753265583: Saving in-memory database to /mosquitto/data//mosquitto.db.
1753267685: Saving in-memory database to /mosquitto/data//mosquitto.db.
1753271527: Saving in-memory database to /mosquitto/data//mosquitto.db.
1753274112: Saving in-memory database to /mosquitto/data//mosquitto.db.
1753275913: Saving in-memory database to /mosquitto/data//mosquitto.db.
1753279457: Saving in-memory database to /mosquitto/data//mosquitto.db.
1753281882: Saving in-memory database to /mosquitto/data//mosquitto.db.
1753283683: Saving in-memory database to /mosquitto/data//mosquitto.db.
1753286399: Saving in-memory database to /mosquitto/data//mosquitto.db.
1753288200: Saving in-memory database to /mosquitto/data//mosquitto.db.
1753290064: Saving in-memory database to /mosquitto/data//mosquitto.db.
1753291865: Saving in-memory database to /mosquitto/data//mosquitto.db.
1753293666: Saving in-memory database to /mosquitto/data//mosquitto.db.
1753295467: Saving in-memory database to /mosquitto/data//mosquitto.db.
1753297268: Saving in-memory database to /mosquitto/data//mosquitto.db.
1753299538: Saving in-memory database to /mosquitto/data//mosquitto.db.
1753301339: Saving in-memory database to /mosquitto/data//mosquitto.db.
1753303140: Saving in-memory database to /mosquitto/data//mosquitto.db.
1753304941: Saving in-memory database to /mosquitto/data//mosquitto.db.
1753306845: Saving in-memory database to /mosquitto/data//mosquitto.db.
1753310641: Saving in-memory database to /mosquitto/data//mosquitto.db.
1753312676: Saving in-memory database to /mosquitto/data//mosquitto.db.
1753314744: Saving in-memory database to /mosquitto/data//mosquitto.db.
1753317797: Saving in-memory database to /mosquitto/data//mosquitto.db.
1753319782: Saving in-memory database to /mosquitto/data//mosquitto.db.
1753323927: Saving in-memory database to /mosquitto/data//mosquitto.db.
1753326890: Saving in-memory database to /mosquitto/data//mosquitto.db.
1753329866: Saving in-memory database to /mosquitto/data//mosquitto.db.
1753333325: Saving in-memory database to /mosquitto/data//mosquitto.db.
1753336521: Saving in-memory database to /mosquitto/data//mosquitto.db.
1753340172: Saving in-memory database to /mosquitto/data//mosquitto.db.
1753342637: Saving in-memory database to /mosquitto/data//mosquitto.db.
1753345265: Saving in-memory database to /mosquitto/data//mosquitto.db.
1753349166: Saving in-memory database to /mosquitto/data//mosquitto.db.
1753351957: Saving in-memory database to /mosquitto/data//mosquitto.db.
1753355283: Saving in-memory database to /mosquitto/data//mosquitto.db.
1753357563: Saving in-memory database to /mosquitto/data//mosquitto.db.
1753360313: Saving in-memory database to /mosquitto/data//mosquitto.db.
1753362388: Saving in-memory database to /mosquitto/data//mosquitto.db.
1753364288: Saving in-memory database to /mosquitto/data//mosquitto.db.
1753367235: Saving in-memory database to /mosquitto/data//mosquitto.db.
1753371602: Saving in-memory database to /mosquitto/data//mosquitto.db.
1753373403: Saving in-memory database to /mosquitto/data//mosquitto.db.
1753375204: Saving in-memory database to /mosquitto/data//mosquitto.db.
1753377005: Saving in-memory database to /mosquitto/data//mosquitto.db.
1753379287: Saving in-memory database to /mosquitto/data//mosquitto.db.
1753381549: Saving in-memory database to /mosquitto/data//mosquitto.db.
1753383490: Saving in-memory database to /mosquitto/data//mosquitto.db.
1753385291: Saving in-memory database to /mosquitto/data//mosquitto.db.
1753387092: Saving in-memory database to /mosquitto/data//mosquitto.db.
1753388893: Saving in-memory database to /mosquitto/data//mosquitto.db.
1753390694: Saving in-memory database to /mosquitto/data//mosquitto.db.
1753394294: Saving in-memory database to /mosquitto/data//mosquitto.db.
1753396344: Saving in-memory database to /mosquitto/data//mosquitto.db.
1753399158: Saving in-memory database to /mosquitto/data//mosquitto.db.
1753401113: Saving in-memory database to /mosquitto/data//mosquitto.db.
1753404200: Saving in-memory database to /mosquitto/data//mosquitto.db.
1753407036: Saving in-memory database to /mosquitto/data//mosquitto.db.
1753410455: Saving in-memory database to /mosquitto/data//mosquitto.db.
1753414357: Saving in-memory database to /mosquitto/data//mosquitto.db.
1753416485: Saving in-memory database to /mosquitto/data//mosquitto.db.
1753418631: Saving in-memory database to /mosquitto/data//mosquitto.db.
1753420589: Saving in-memory database to /mosquitto/data//mosquitto.db.
1753422390: Saving in-memory database to /mosquitto/data//mosquitto.db.
1753424831: Saving in-memory database to /mosquitto/data//mosquitto.db.
1753426837: Saving in-memory database to /mosquitto/data//mosquitto.db.
1753429907: Saving in-memory database to /mosquitto/data//mosquitto.db.
1753432587: Saving in-memory database to /mosquitto/data//mosquitto.db.
1753434603: Saving in-memory database to /mosquitto/data//mosquitto.db.
1753436404: Saving in-memory database to /mosquitto/data//mosquitto.db.
1753438323: Saving in-memory database to /mosquitto/data//mosquitto.db.
1753440124: Saving in-memory database to /mosquitto/data//mosquitto.db.
1753441925: Saving in-memory database to /mosquitto/data//mosquitto.db.
1753443726: Saving in-memory database to /mosquitto/data//mosquitto.db.
1753445527: Saving in-memory database to /mosquitto/data//mosquitto.db.
1753447328: Saving in-memory database to /mosquitto/data//mosquitto.db.
1753449129: Saving in-memory database to /mosquitto/data//mosquitto.db.
1753450930: Saving in-memory database to /mosquitto/data//mosquitto.db.
1753452731: Saving in-memory database to /mosquitto/data//mosquitto.db.
1753454532: Saving in-memory database to /mosquitto/data//mosquitto.db.
1753456333: Saving in-memory database to /mosquitto/data//mosquitto.db.
1753458134: Saving in-memory database to /mosquitto/data//mosquitto.db.
1753459945: Saving in-memory database to /mosquitto/data//mosquitto.db.
1753462088: Saving in-memory database to /mosquitto/data//mosquitto.db.
1753463889: Saving in-memory database to /mosquitto/data//mosquitto.db.
1753466298: Saving in-memory database to /mosquitto/data//mosquitto.db.
1753468099: Saving in-memory database to /mosquitto/data//mosquitto.db.
1753469900: Saving in-memory database to /mosquitto/data//mosquitto.db.
1753471701: Saving in-memory database to /mosquitto/data//mosquitto.db.
1753473502: Saving in-memory database to /mosquitto/data//mosquitto.db.
1753475303: Saving in-memory database to /mosquitto/data//mosquitto.db.
1753477881: Saving in-memory database to /mosquitto/data//mosquitto.db.
1753483034: Saving in-memory database to /mosquitto/data//mosquitto.db.
1753485100: Saving in-memory database to /mosquitto/data//mosquitto.db.
1753488027: Saving in-memory database to /mosquitto/data//mosquitto.db.
1753491227: Saving in-memory database to /mosquitto/data//mosquitto.db.
1753497304: Saving in-memory database to /mosquitto/data//mosquitto.db.
1753503387: Saving in-memory database to /mosquitto/data//mosquitto.db.
1753506302: Saving in-memory database to /mosquitto/data//mosquitto.db.
1753508103: Saving in-memory database to /mosquitto/data//mosquitto.db.
1753510235: Saving in-memory database to /mosquitto/data//mosquitto.db.
1753512036: Saving in-memory database to /mosquitto/data//mosquitto.db.
1753513837: Saving in-memory database to /mosquitto/data//mosquitto.db.
1753515638: Saving in-memory database to /mosquitto/data//mosquitto.db.
1753517439: Saving in-memory database to /mosquitto/data//mosquitto.db.
1753519240: Saving in-memory database to /mosquitto/data//mosquitto.db.
1753521041: Saving in-memory database to /mosquitto/data//mosquitto.db.
1753522842: Saving in-memory database to /mosquitto/data//mosquitto.db.
1753524643: Saving in-memory database to /mosquitto/data//mosquitto.db.
1753526444: Saving in-memory database to /mosquitto/data//mosquitto.db.
1753528245: Saving in-memory database to /mosquitto/data//mosquitto.db.
1753530516: Saving in-memory database to /mosquitto/data//mosquitto.db.
1753532317: Saving in-memory database to /mosquitto/data//mosquitto.db.
1753534118: Saving in-memory database to /mosquitto/data//mosquitto.db.
1753535919: Saving in-memory database to /mosquitto/data//mosquitto.db.
1753537720: Saving in-memory database to /mosquitto/data//mosquitto.db.
1753539521: Saving in-memory database to /mosquitto/data//mosquitto.db.
1753541322: Saving in-memory database to /mosquitto/data//mosquitto.db.
1753543123: Saving in-memory database to /mosquitto/data//mosquitto.db.
1753545565: Saving in-memory database to /mosquitto/data//mosquitto.db.
1753547366: Saving in-memory database to /mosquitto/data//mosquitto.db.
1753549167: Saving in-memory database to /mosquitto/data//mosquitto.db.
1753550968: Saving in-memory database to /mosquitto/data//mosquitto.db.
1753552769: Saving in-memory database to /mosquitto/data//mosquitto.db.
1753554570: Saving in-memory database to /mosquitto/data//mosquitto.db.
1753556371: Saving in-memory database to /mosquitto/data//mosquitto.db.
1753559004: Saving in-memory database to /mosquitto/data//mosquitto.db.
1753561732: Saving in-memory database to /mosquitto/data//mosquitto.db.
1753563891: Saving in-memory database to /mosquitto/data//mosquitto.db.
1753566360: Saving in-memory database to /mosquitto/data//mosquitto.db.
1753568161: Saving in-memory database to /mosquitto/data//mosquitto.db.
1753569962: Saving in-memory database to /mosquitto/data//mosquitto.db.
1753572615: Saving in-memory database to /mosquitto/data//mosquitto.db.
1753574706: Saving in-memory database to /mosquitto/data//mosquitto.db.
1753576856: Saving in-memory database to /mosquitto/data//mosquitto.db.
1753578657: Saving in-memory database to /mosquitto/data//mosquitto.db.
1753580458: Saving in-memory database to /mosquitto/data//mosquitto.db.
1753582295: Saving in-memory database to /mosquitto/data//mosquitto.db.
1753584096: Saving in-memory database to /mosquitto/data//mosquitto.db.
1753585897: Saving in-memory database to /mosquitto/data//mosquitto.db.
1753587698: Saving in-memory database to /mosquitto/data//mosquitto.db.
1753589499: Saving in-memory database to /mosquitto/data//mosquitto.db.
1753591300: Saving in-memory database to /mosquitto/data//mosquitto.db.
1753593101: Saving in-memory database to /mosquitto/data//mosquitto.db.
1753594902: Saving in-memory database to /mosquitto/data//mosquitto.db.
1753596703: Saving in-memory database to /mosquitto/data//mosquitto.db.
1753599001: Saving in-memory database to /mosquitto/data//mosquitto.db.
1753600862: Saving in-memory database to /mosquitto/data//mosquitto.db.
1753602663: Saving in-memory database to /mosquitto/data//mosquitto.db.
1753604464: Saving in-memory database to /mosquitto/data//mosquitto.db.
1753607131: Saving in-memory database to /mosquitto/data//mosquitto.db.
1753610089: Saving in-memory database to /mosquitto/data//mosquitto.db.
1753613184: Saving in-memory database to /mosquitto/data//mosquitto.db.
1753615874: Saving in-memory database to /mosquitto/data//mosquitto.db.
1753618860: Saving in-memory database to /mosquitto/data//mosquitto.db.
1753624352: Saving in-memory database to /mosquitto/data//mosquitto.db.
1753626869: Saving in-memory database to /mosquitto/data//mosquitto.db.
1753629172: Saving in-memory database to /mosquitto/data//mosquitto.db.
1753632591: Saving in-memory database to /mosquitto/data//mosquitto.db.
1753634392: Saving in-memory database to /mosquitto/data//mosquitto.db.
1753636323: Saving in-memory database to /mosquitto/data//mosquitto.db.
1753639179: Saving in-memory database to /mosquitto/data//mosquitto.db.
1753641299: Saving in-memory database to /mosquitto/data//mosquitto.db.
1753643506: Saving in-memory database to /mosquitto/data//mosquitto.db.
1753646218: Saving in-memory database to /mosquitto/data//mosquitto.db.
1753648379: Saving in-memory database to /mosquitto/data//mosquitto.db.
1753653935: Saving in-memory database to /mosquitto/data//mosquitto.db.
1753655805: Saving in-memory database to /mosquitto/data//mosquitto.db.
1753658108: Saving in-memory database to /mosquitto/data//mosquitto.db.
1753662190: Saving in-memory database to /mosquitto/data//mosquitto.db.
1753664185: Saving in-memory database to /mosquitto/data//mosquitto.db.
1753668430: Saving in-memory database to /mosquitto/data//mosquitto.db.
1753673265: Saving in-memory database to /mosquitto/data//mosquitto.db.
1753677638: Saving in-memory database to /mosquitto/data//mosquitto.db.
1753679614: Saving in-memory database to /mosquitto/data//mosquitto.db.
1753681415: Saving in-memory database to /mosquitto/data//mosquitto.db.
1753683516: Saving in-memory database to /mosquitto/data//mosquitto.db.
1753688784: Saving in-memory database to /mosquitto/data//mosquitto.db.
1753690585: Saving in-memory database to /mosquitto/data//mosquitto.db.
1753692489: Saving in-memory database to /mosquitto/data//mosquitto.db.
1753697583: Saving in-memory database to /mosquitto/data//mosquitto.db.
1753699835: Saving in-memory database to /mosquitto/data//mosquitto.db.
1753702945: Saving in-memory database to /mosquitto/data//mosquitto.db.
1753705283: Saving in-memory database to /mosquitto/data//mosquitto.db.
1753707084: Saving in-memory database to /mosquitto/data//mosquitto.db.
1753709349: Saving in-memory database to /mosquitto/data//mosquitto.db.
1753712068: Saving in-memory database to /mosquitto/data//mosquitto.db.
1753715345: Saving in-memory database to /mosquitto/data//mosquitto.db.
1753717254: Saving in-memory database to /mosquitto/data//mosquitto.db.
1753719340: Saving in-memory database to /mosquitto/data//mosquitto.db.
1753721141: Saving in-memory database to /mosquitto/data//mosquitto.db.
1753722942: Saving in-memory database to /mosquitto/data//mosquitto.db.
1753728572: Saving in-memory database to /mosquitto/data//mosquitto.db.
1753733430: Saving in-memory database to /mosquitto/data//mosquitto.db.
1753737868: Saving in-memory database to /mosquitto/data//mosquitto.db.
1753741829: Saving in-memory database to /mosquitto/data//mosquitto.db.
1753747579: Saving in-memory database to /mosquitto/data//mosquitto.db.
1753750478: Saving in-memory database to /mosquitto/data//mosquitto.db.
1753756193: Saving in-memory database to /mosquitto/data//mosquitto.db.
1753759272: Saving in-memory database to /mosquitto/data//mosquitto.db.
1753762944: Saving in-memory database to /mosquitto/data//mosquitto.db.
1753765011: Saving in-memory database to /mosquitto/data//mosquitto.db.
1753768601: Saving in-memory database to /mosquitto/data//mosquitto.db.
1753771187: Saving in-memory database to /mosquitto/data//mosquitto.db.
1753774043: Saving in-memory database to /mosquitto/data//mosquitto.db.
1753776163: Saving in-memory database to /mosquitto/data//mosquitto.db.
1753782201: Saving in-memory database to /mosquitto/data//mosquitto.db.
1753784170: Saving in-memory database to /mosquitto/data//mosquitto.db.
1753790431: Saving in-memory database to /mosquitto/data//mosquitto.db.
1753794787: Saving in-memory database to /mosquitto/data//mosquitto.db.
1753797985: Saving in-memory database to /mosquitto/data//mosquitto.db.
1753799786: Saving in-memory database to /mosquitto/data//mosquitto.db.
1753801587: Saving in-memory database to /mosquitto/data//mosquitto.db.
1753803388: Saving in-memory database to /mosquitto/data//mosquitto.db.
1753805189: Saving in-memory database to /mosquitto/data//mosquitto.db.
1753807623: Saving in-memory database to /mosquitto/data//mosquitto.db.
1753809662: Saving in-memory database to /mosquitto/data//mosquitto.db.
1753811657: Saving in-memory database to /mosquitto/data//mosquitto.db.
1753813604: Saving in-memory database to /mosquitto/data//mosquitto.db.
1753815405: Saving in-memory database to /mosquitto/data//mosquitto.db.
1753817206: Saving in-memory database to /mosquitto/data//mosquitto.db.
1753819288: Saving in-memory database to /mosquitto/data//mosquitto.db.
1753821089: Saving in-memory database to /mosquitto/data//mosquitto.db.
1753822890: Saving in-memory database to /mosquitto/data//mosquitto.db.
1753824691: Saving in-memory database to /mosquitto/data//mosquitto.db.
1753826492: Saving in-memory database to /mosquitto/data//mosquitto.db.
1753828293: Saving in-memory database to /mosquitto/data//mosquitto.db.
1753830094: Saving in-memory database to /mosquitto/data//mosquitto.db.
1753832031: Saving in-memory database to /mosquitto/data//mosquitto.db.
1753834036: Saving in-memory database to /mosquitto/data//mosquitto.db.
1753835837: Saving in-memory database to /mosquitto/data//mosquitto.db.
1753837638: Saving in-memory database to /mosquitto/data//mosquitto.db.
1753839548: Saving in-memory database to /mosquitto/data//mosquitto.db.
1753841941: Saving in-memory database to /mosquitto/data//mosquitto.db.
1753843897: Saving in-memory database to /mosquitto/data//mosquitto.db.
1753845698: Saving in-memory database to /mosquitto/data//mosquitto.db.
1753847752: Saving in-memory database to /mosquitto/data//mosquitto.db.
1753849881: Saving in-memory database to /mosquitto/data//mosquitto.db.
1753851682: Saving in-memory database to /mosquitto/data//mosquitto.db.
1753855210: Saving in-memory database to /mosquitto/data//mosquitto.db.
1753857281: Saving in-memory database to /mosquitto/data//mosquitto.db.
1753862020: Saving in-memory database to /mosquitto/data//mosquitto.db.
1753866329: Saving in-memory database to /mosquitto/data//mosquitto.db.
1753868233: Saving in-memory database to /mosquitto/data//mosquitto.db.
1753873641: Saving in-memory database to /mosquitto/data//mosquitto.db.
1753876680: Saving in-memory database to /mosquitto/data//mosquitto.db.
1753879283: Saving in-memory database to /mosquitto/data//mosquitto.db.
1753881084: Saving in-memory database to /mosquitto/data//mosquitto.db.
1753884625: Saving in-memory database to /mosquitto/data//mosquitto.db.
1753888517: Saving in-memory database to /mosquitto/data//mosquitto.db.
1753891949: Saving in-memory database to /mosquitto/data//mosquitto.db.
1753893883: Saving in-memory database to /mosquitto/data//mosquitto.db.
1753896426: Saving in-memory database to /mosquitto/data//mosquitto.db.
1753900117: Saving in-memory database to /mosquitto/data//mosquitto.db.
1753903134: Saving in-memory database to /mosquitto/data//mosquitto.db.
1753906914: Saving in-memory database to /mosquitto/data//mosquitto.db.
1753911197: Saving in-memory database to /mosquitto/data//mosquitto.db.
1753917032: Saving in-memory database to /mosquitto/data//mosquitto.db.
1753920973: Saving in-memory database to /mosquitto/data//mosquitto.db.
1753924178: Saving in-memory database to /mosquitto/data//mosquitto.db.
1753928181: Saving in-memory database to /mosquitto/data//mosquitto.db.
1753931371: Saving in-memory database to /mosquitto/data//mosquitto.db.
1753935454: Saving in-memory database to /mosquitto/data//mosquitto.db.
1753939240: Saving in-memory database to /mosquitto/data//mosquitto.db.
1753941456: Saving in-memory database to /mosquitto/data//mosquitto.db.
1753943257: Saving in-memory database to /mosquitto/data//mosquitto.db.
1753945058: Saving in-memory database to /mosquitto/data//mosquitto.db.
1753946859: Saving in-memory database to /mosquitto/data//mosquitto.db.
1753949090: Saving in-memory database to /mosquitto/data//mosquitto.db.
1753951675: Saving in-memory database to /mosquitto/data//mosquitto.db.
1753953476: Saving in-memory database to /mosquitto/data//mosquitto.db.
1753955277: Saving in-memory database to /mosquitto/data//mosquitto.db.
1753957078: Saving in-memory database to /mosquitto/data//mosquitto.db.
1753959026: Saving in-memory database to /mosquitto/data//mosquitto.db.
1753959433: mosquitto version 2.0.21 terminating
1753959433: Saving in-memory database to /mosquitto/data//mosquitto.db.
